First building id/name, followed by Enter: Second building id/name, followed by Enter: Unknown building: [200]
Unknown building: [201]
First building id/name, followed by Enter: Second building id/name, followed by Enter: Unknown building: [201]
First building id/name, followed by Enter: Second building id/name, followed by Enter: Unknown building: [98]
Unknown building: [99]
First building id/name, followed by Enter: Second building id/name, followed by Enter: There is no path from Polytechnic Residence Commons to OGE.
First building id/name, followed by Enter: Second building id/name, followed by Enter: Path from EMPAC to EMPAC:
Total distance: 0.000 pixel units.
